src/components/settings/PersonaEditor.tsx(48,17): error TS2322: Type 'Dispatch<SetStateAction<number[]>>' is not assignable to type '(value: number | readonly number[], eventDetails: SliderRootChangeEventDetails) => void'.
  Types of parameters 'value' and 'value' are incompatible.
    Type 'number | readonly number[]' is not assignable to type 'SetStateAction<number[]>'.
      Type 'number' is not assignable to type 'SetStateAction<number[]>'.
